// Jest Snapshot v1, https://goo.gl/fbAQLP

exports[`renders correctly 1`] = `
<main
  className="calculator row p-5"
>
  <h3
    className="col-4 text-black mb-3"
  >
    Let's do some math!
  </h3>
  <section
    className="container m-0 p-0"
  >
    <span
      className="display"
    >
      0
    </span>
    <button
      className="fkeys"
      id="item1"
      onClick={[Function]}
      type="button"
    >
      AC
    </button>
    <button
      className="fkeys"
      id="item2"
      onClick={[Function]}
      type="button"
    >
      +/-
    </button>
    <button
      className="fkeys"
      id="item3"
      onClick={[Function]}
      type="button"
    >
      %
    </button>
    <button
      className="ops"
      id="item4"
      onClick={[Function]}
      type="button"
    >
      รท
    </button>
    <button
      className="nums"
      id="item5"
      onClick={[Function]}
      type="button"
    >
      7
    </button>
    <button
      className="nums"
      id="item6"
      onClick={[Function]}
      type="button"
    >
      8
    </button>
    <button
      className="nums"
      id="item7"
      onClick={[Function]}
      type="button"
    >
      9
    </button>
    <button
      className="ops"
      id="item8"
      onClick={[Function]}
      type="button"
    >
      x
    </button>
    <button
      className="nums"
      id="item9"
      onClick={[Function]}
      type="button"
    >
      4
    </button>
    <button
      className="nums"
      id="item10"
      onClick={[Function]}
      type="button"
    >
      5
    </button>
    <button
      className="nums"
      id="item11"
      onClick={[Function]}
      type="button"
    >
      6
    </button>
    <button
      className="ops"
      id="item12"
      onClick={[Function]}
      type="button"
    >
      -
    </button>
    <button
      className="nums"
      id="item13"
      onClick={[Function]}
      type="button"
    >
      1
    </button>
    <button
      className="nums"
      id="item14"
      onClick={[Function]}
      type="button"
    >
      2
    </button>
    <button
      className="nums"
      id="item15"
      onClick={[Function]}
      type="button"
    >
      3
    </button>
    <button
      className="ops"
      id="item16"
      onClick={[Function]}
      type="button"
    >
      +
    </button>
    <button
      className="nums"
      id="item17"
      onClick={[Function]}
      type="button"
    >
      0
    </button>
    <button
      className="nums"
      id="item18"
      onClick={[Function]}
      type="button"
    >
      .
    </button>
    <button
      className="ops"
      id="item19"
      onClick={[Function]}
      type="button"
    >
      =
    </button>
  </section>
</main>
`;
