// Jest Snapshot v1, https://goo.gl/fbAQLP

exports[`renders correctly 1`] = `
<div
  className="discription"
>
  <h4
    className="text-black"
  >
    Welcome to my page!
  </h4>
  <p>
    Lorem ipsum, dolor sit amet consectetur adipisicing elit. Laudantium quisquam unde vel explicabo doloribus. Aliquid a accusantium omnis hic voluptate repellat et expedita voluptas cupiditate id optio, exercitationem, maiores temporibus! In maxime eius dolorum et error unde similique, suscipit deserunt nobis id eum iste quia molestias aliquam reiciendis illo, obcaecati qui? Ab adipisci molestias temporibus repellat tempore, beatae velit rem. Nam totam distinctio officia rem? Deserunt deleniti suscipit dolorem harum est natus dolore velit, reiciendis, qui nam id ab! Minima, facilis?
  </p>
  <p>
    Lorem ipsum, dolor sit amet consectetur adipisicing elit. Laudantium quisquam unde vel explicabo doloribus. Aliquid a accusantium omnis hic voluptate repellat et expedita voluptas cupiditate id optio, exercitationem, maiores temporibus! In maxime eius dolorum et error unde similique, suscipit deserunt nobis id eum iste quia molestias aliquam reiciendis illo, obcaecati qui? Ab adipisci molestias temporibus repellat tempore, beatae velit rem. Nam totam distinctio officia rem? Deserunt deleniti suscipit dolorem harum est natus dolore velit, reiciendis, qui nam id ab! Minima, facilis?
  </p>
</div>
`;
