// Jest Snapshot v1, https://goo.gl/fbAQLP

exports[`renders correctly 1`] = `
<section
  className="quote-wrapper"
>
  <blockquote>
    <span
      className="quote-text"
    />
    <cite />
  </blockquote>
</section>
`;
